[debug] [2025-10-18T19:40:53.808Z] ----------------------------------------------------------------------
[debug] [2025-10-18T19:40:53.810Z] Command:       /opt/homebrew/Cellar/node@20/20.19.2/bin/node /opt/homebrew/bin/firebase init
[debug] [2025-10-18T19:40:53.810Z] CLI Version:   14.20.0
[debug] [2025-10-18T19:40:53.810Z] Platform:      darwin
[debug] [2025-10-18T19:40:53.811Z] Node Version:  v20.19.2
[debug] [2025-10-18T19:40:53.811Z] Time:          Sat Oct 18 2025 21:40:53 GMT+0200 (Central European Summer Time)
[debug] [2025-10-18T19:40:53.811Z] ----------------------------------------------------------------------
[debug] 
[info] 
     ######## #### ########  ######## ########     ###     ######  ########
     ##        ##  ##     ## ##       ##     ##  ##   ##  ##       ##
     ######    ##  ########  ######   ########  #########  ######  ######
     ##        ##  ##    ##  ##       ##     ## ##     ##       ## ##
     ##       #### ##     ## ######## ########  ##     ##  ######  ########

You're about to initialize a Firebase project in this directory:

  /Users/k1t4n4/CascadeProjects/windsurf-project/matrix-bjj

[info] 
=== Project Setup
[info] 
[info] First, let's associate this project directory with a Firebase project.
[info] You can create multiple project aliases by running firebase use --add, 
[info] 
[info] i  If you want to create a project in a Google Cloud organization or folder, please use "firebase projects:create" instead, and return to this command when you've created the project. 
[debug] [2025-10-18T19:41:01.033Z] > command requires scopes: ["email","openid","https://www.googleapis.com/auth/cloudplatformprojects.readonly","https://www.googleapis.com/auth/firebase","https://www.googleapis.com/auth/cloud-platform"]
[debug] [2025-10-18T19:41:01.034Z] > authorizing via signed-in user (matrixfrbg@matrixfrbg.de)
[debug] [2025-10-18T19:41:04.986Z] ExitPromptError: User force closed the prompt with SIGINT
    at Interface.sigint (/opt/homebrew/lib/node_modules/firebase-tools/node_modules/@inquirer/core/dist/commonjs/lib/create-prompt.js:101:37)
    at Interface.emit (node:events:524:28)
    at Interface.emit (node:domain:489:12)
    at [_ttyWrite] [as _ttyWrite] (node:internal/readline/interface:1125:18)
    at ReadStream.onkeypress (node:internal/readline/interface:264:20)
    at ReadStream.emit (node:events:536:35)
    at ReadStream.emit (node:domain:489:12)
    at emitKeys (node:internal/readline/utils:371:14)
    at emitKeys.next (<anonymous>)
    at ReadStream.onData (node:internal/readline/emitKeypressEvents:64:36)
[error] 
[error] Error: An unexpected error has occurred.
[debug] [2025-10-18T19:41:07.633Z] ----------------------------------------------------------------------
[debug] [2025-10-18T19:41:07.634Z] Command:       /opt/homebrew/Cellar/node@20/20.19.2/bin/node /opt/homebrew/bin/firebase init
[debug] [2025-10-18T19:41:07.635Z] CLI Version:   14.20.0
[debug] [2025-10-18T19:41:07.635Z] Platform:      darwin
[debug] [2025-10-18T19:41:07.635Z] Node Version:  v20.19.2
[debug] [2025-10-18T19:41:07.635Z] Time:          Sat Oct 18 2025 21:41:07 GMT+0200 (Central European Summer Time)
[debug] [2025-10-18T19:41:07.635Z] ----------------------------------------------------------------------
[debug] 
[info] 
     ######## #### ########  ######## ########     ###     ######  ########
     ##        ##  ##     ## ##       ##     ##  ##   ##  ##       ##
     ######    ##  ########  ######   ########  #########  ######  ######
     ##        ##  ##    ##  ##       ##     ## ##     ##       ## ##
     ##       #### ##     ## ######## ########  ##     ##  ######  ########

You're about to initialize a Firebase project in this directory:

  /Users/k1t4n4/CascadeProjects/windsurf-project/matrix-bjj

[info] 
=== Project Setup
[info] 
[info] First, let's associate this project directory with a Firebase project.
[info] You can create multiple project aliases by running firebase use --add, 
[info] 
[debug] [2025-10-18T19:41:16.952Z] > command requires scopes: ["email","openid","https://www.googleapis.com/auth/cloudplatformprojects.readonly","https://www.googleapis.com/auth/firebase","https://www.googleapis.com/auth/cloud-platform"]
[debug] [2025-10-18T19:41:16.953Z] > authorizing via signed-in user (matrixfrbg@matrixfrbg.de)
[debug] [2025-10-18T19:41:16.955Z] Checked if tokens are valid: true, expires at: 1760819841467
[debug] [2025-10-18T19:41:16.956Z] Checked if tokens are valid: true, expires at: 1760819841467
[debug] [2025-10-18T19:41:16.958Z] >>> [apiv2][query] GET https://firebase.googleapis.com/v1beta1/availableProjects pageSize=100
[debug] [2025-10-18T19:41:17.652Z] <<< [apiv2][status] GET https://firebase.googleapis.com/v1beta1/availableProjects 200
[debug] [2025-10-18T19:41:17.653Z] <<< [apiv2][body] GET https://firebase.googleapis.com/v1beta1/availableProjects [omitted]
[debug] [2025-10-18T19:41:23.843Z] Checked if tokens are valid: true, expires at: 1760819841467
[debug] [2025-10-18T19:41:23.844Z] Checked if tokens are valid: true, expires at: 1760819841467
[debug] [2025-10-18T19:41:23.846Z] >>> [apiv2][query] POST https://firebase.googleapis.com/v1beta1/projects/matrixfrbg-de:addFirebase [none]
[debug] [2025-10-18T19:41:24.334Z] <<< [apiv2][status] POST https://firebase.googleapis.com/v1beta1/projects/matrixfrbg-de:addFirebase 403
[debug] [2025-10-18T19:41:24.335Z] <<< [apiv2][body] POST https://firebase.googleapis.com/v1beta1/projects/matrixfrbg-de:addFirebase {"error":{"code":403,"message":"The caller does not have permission","status":"PERMISSION_DENIED"}}
[debug] [2025-10-18T19:41:24.336Z] Request to https://firebase.googleapis.com/v1beta1/projects/matrixfrbg-de:addFirebase had HTTP Error: 403, The caller does not have permission
[debug] [2025-10-18T19:41:24.467Z] FirebaseError: Request to https://firebase.googleapis.com/v1beta1/projects/matrixfrbg-de:addFirebase had HTTP Error: 403, The caller does not have permission
    at responseToError (/opt/homebrew/lib/node_modules/firebase-tools/lib/responseToError.js:53:12)
    at RetryOperation._fn (/opt/homebrew/lib/node_modules/firebase-tools/lib/apiv2.js:312:77)
    at process.processTicksAndRejections (node:internal/process/task_queues:95:5)
[error] 
[error] Error: Failed to add Firebase to Google Cloud Platform project. See firebase-debug.log for more info.
